Archive member included to satisfy reference by file (symbol)

C:/ST/STM32CubeIDE_2.0.0/STM32CubeIDE/plugins/com.st.stm32cube.ide.mcu.externaltools.gnu-tools-for-stm32.13.3.rel1.win32_1.0.100.202509120712/tools/bin/../lib/gcc/arm-none-eabi/13.3.1/../../../../arm-none-eabi/lib/thumb/v7-m/nofp\libc_nano.a(libc_a-exit.o)
                              C:/ST/STM32CubeIDE_2.0.0/STM32CubeIDE/plugins/com.st.stm32cube.ide.mcu.externaltools.gnu-tools-for-stm32.13.3.rel1.win32_1.0.100.202509120712/tools/bin/../lib/gcc/arm-none-eabi/13.3.1/../../../../arm-none-eabi/lib/thumb/v7-m/nofp/crt0.o (exit)
C:/ST/STM32CubeIDE_2.0.0/STM32CubeIDE/plugins/com.st.stm32cube.ide.mcu.externaltools.gnu-tools-for-stm32.13.3.rel1.win32_1.0.100.202509120712/tools/bin/../lib/gcc/arm-none-eabi/13.3.1/../../../../arm-none-eabi/lib/thumb/v7-m/nofp\libc_nano.a(libc_a-findfp.o)
                              C:/ST/STM32CubeIDE_2.0.0/STM32CubeIDE/plugins/com.st.stm32cube.ide.mcu.externaltools.gnu-tools-for-stm32.13.3.rel1.win32_1.0.100.202509120712/tools/bin/../lib/gcc/arm-none-eabi/13.3.1/../../../../arm-none-eabi/lib/thumb/v7-m/nofp\libc_nano.a(libc_a-exit.o) (__stdio_exit_handler)
C:/ST/STM32CubeIDE_2.0.0/STM32CubeIDE/plugins/com.st.stm32cube.ide.mcu.externaltools.gnu-tools-for-stm32.13.3.rel1.win32_1.0.100.202509120712/tools/bin/../lib/gcc/arm-none-eabi/13.3.1/../../../../arm-none-eabi/lib/thumb/v7-m/nofp\libc_nano.a(libc_a-fwalk.o)
                              C:/ST/STM32CubeIDE_2.0.0/STM32CubeIDE/plugins/com.st.stm32cube.ide.mcu.externaltools.gnu-tools-for-stm32.13.3.rel1.win32_1.0.100.202509120712/tools/bin/../lib/gcc/arm-none-eabi/13.3.1/../../../../arm-none-eabi/lib/thumb/v7-m/nofp\libc_nano.a(libc_a-findfp.o) (_fwalk_sglue)
C:/ST/STM32CubeIDE_2.0.0/STM32CubeIDE/plugins/com.st.stm32cube.ide.mcu.externaltools.gnu-tools-for-stm32.13.3.rel1.win32_1.0.100.202509120712/tools/bin/../lib/gcc/arm-none-eabi/13.3.1/../../../../arm-none-eabi/lib/thumb/v7-m/nofp\libc_nano.a(libc_a-stdio.o)
                              C:/ST/STM32CubeIDE_2.0.0/STM32CubeIDE/plugins/com.st.stm32cube.ide.mcu.externaltools.gnu-tools-for-stm32.13.3.rel1.win32_1.0.100.202509120712/tools/bin/../lib/gcc/arm-none-eabi/13.3.1/../../../../arm-none-eabi/lib/thumb/v7-m/nofp\libc_nano.a(libc_a-findfp.o) (__sread)
C:/ST/STM32CubeIDE_2.0.0/STM32CubeIDE/plugins/com.st.stm32cube.ide.mcu.externaltools.gnu-tools-for-stm32.13.3.rel1.win32_1.0.100.202509120712/tools/bin/../lib/gcc/arm-none-eabi/13.3.1/../../../../arm-none-eabi/lib/thumb/v7-m/nofp\libc_nano.a(libc_a-memset.o)
                              C:/ST/STM32CubeIDE_2.0.0/STM32CubeIDE/plugins/com.st.stm32cube.ide.mcu.externaltools.gnu-tools-for-stm32.13.3.rel1.win32_1.0.100.202509120712/tools/bin/../lib/gcc/arm-none-eabi/13.3.1/../../../../arm-none-eabi/lib/thumb/v7-m/nofp/crt0.o (memset)
C:/ST/STM32CubeIDE_2.0.0/STM32CubeIDE/plugins/com.st.stm32cube.ide.mcu.externaltools.gnu-tools-for-stm32.13.3.rel1.win32_1.0.100.202509120712/tools/bin/../lib/gcc/arm-none-eabi/13.3.1/../../../../arm-none-eabi/lib/thumb/v7-m/nofp\libc_nano.a(libc_a-closer.o)
                              C:/ST/STM32CubeIDE_2.0.0/STM32CubeIDE/plugins/com.st.stm32cube.ide.mcu.externaltools.gnu-tools-for-stm32.13.3.rel1.win32_1.0.100.202509120712/tools/bin/../lib/gcc/arm-none-eabi/13.3.1/../../../../arm-none-eabi/lib/thumb/v7-m/nofp\libc_nano.a(libc_a-stdio.o) (_close_r)
C:/ST/STM32CubeIDE_2.0.0/STM32CubeIDE/plugins/com.st.stm32cube.ide.mcu.externaltools.gnu-tools-for-stm32.13.3.rel1.win32_1.0.100.202509120712/tools/bin/../lib/gcc/arm-none-eabi/13.3.1/../../../../arm-none-eabi/lib/thumb/v7-m/nofp\libc_nano.a(libc_a-reent.o)
                              C:/ST/STM32CubeIDE_2.0.0/STM32CubeIDE/plugins/com.st.stm32cube.ide.mcu.externaltools.gnu-tools-for-stm32.13.3.rel1.win32_1.0.100.202509120712/tools/bin/../lib/gcc/arm-none-eabi/13.3.1/../../../../arm-none-eabi/lib/thumb/v7-m/nofp\libc_nano.a(libc_a-closer.o) (errno)
C:/ST/STM32CubeIDE_2.0.0/STM32CubeIDE/plugins/com.st.stm32cube.ide.mcu.externaltools.gnu-tools-for-stm32.13.3.rel1.win32_1.0.100.202509120712/tools/bin/../lib/gcc/arm-none-eabi/13.3.1/../../../../arm-none-eabi/lib/thumb/v7-m/nofp\libc_nano.a(libc_a-impure.o)
                              C:/ST/STM32CubeIDE_2.0.0/STM32CubeIDE/plugins/com.st.stm32cube.ide.mcu.externaltools.gnu-tools-for-stm32.13.3.rel1.win32_1.0.100.202509120712/tools/bin/../lib/gcc/arm-none-eabi/13.3.1/../../../../arm-none-eabi/lib/thumb/v7-m/nofp\libc_nano.a(libc_a-reent.o) (_impure_ptr)
C:/ST/STM32CubeIDE_2.0.0/STM32CubeIDE/plugins/com.st.stm32cube.ide.mcu.externaltools.gnu-tools-for-stm32.13.3.rel1.win32_1.0.100.202509120712/tools/bin/../lib/gcc/arm-none-eabi/13.3.1/../../../../arm-none-eabi/lib/thumb/v7-m/nofp\libc_nano.a(libc_a-lseekr.o)
[...]
Memory Configuration

Name             Origin             Length             Attributes
RAM              0x20000000         0x00002800         xrw
FLASH            0x08000000         0x00008000         xr
*default*        0x00000000         0xffffffff

Linker script and memory map

LOAD C:/ST/STM32CubeIDE_2.0.0/STM32CubeIDE/plugins/com.st.stm32cube.ide.mcu.externaltools.gnu-tools-for-stm32.13.3.rel1.win32_1.0.100.202509120712/tools/bin/../lib/gcc/arm-none-eabi/13.3.1/thumb/v7-m/nofp/crti.o
LOAD C:/ST/STM32CubeIDE_2.0.0/STM32CubeIDE/plugins/com.st.stm32cube.ide.mcu.externaltools.gnu-tools-for-stm32.13.3.rel1.win32_1.0.100.202509120712/tools/bin/../lib/gcc/arm-none-eabi/13.3.1/thumb/v7-m/nofp/crtbegin.o
LOAD C:/ST/STM32CubeIDE_2.0.0/STM32CubeIDE/plugins/com.st.stm32cube.ide.mcu.externaltools.gnu-tools-for-stm32.13.3.rel1.win32_1.0.100.202509120712/tools/bin/../lib/gcc/arm-none-eabi/13.3.1/../../../../arm-none-eabi/lib/thumb/v7-m/nofp/crt0.o
LOAD ./Core/Src/main.o
LOAD ./Core/Src/stm32f1xx_hal_msp.o
LOAD ./Core/Src/stm32f1xx_it.o
LOAD ./Core/Src/syscalls.o
LOAD ./Core/Src/sysmem.o
LOAD ./Core/Src/system_stm32f1xx.o
LOAD ./Core/Startup/startup_stm32f103c6tx.o
LOAD ./Drivers/STM32F1xx_HAL_Driver/Src/stm32f1xx_hal.o
LOAD ./Drivers/STM32F1xx_HAL_Driver/Src/stm32f1xx_hal_cortex.o
LOAD ./Drivers/STM32F1xx_HAL_Driver/Src/stm32f1xx_hal_dma.o
LOAD ./Drivers/STM32F1xx_HAL_Driver/Src/stm32f1xx_hal_exti.o
LOAD ./Drivers/STM32F1xx_HAL_Driver/Src/stm32f1xx_hal_flash.o
LOAD ./Drivers/STM32F1xx_HAL_Driver/Src/stm32f1xx_hal_flash_ex.o
LOAD ./Drivers/STM32F1xx_HAL_Driver/Src/stm32f1xx_hal_gpio.o
LOAD ./Drivers/STM32F1xx_HAL_Driver/Src/stm32f1xx_hal_gpio_ex.o
LOAD ./Drivers/STM32F1xx_HAL_Driver/Src/stm32f1xx_hal_pcd.o
LOAD ./Drivers/STM32F1xx_HAL_Driver/Src/stm32f1xx_hal_pcd_ex.o
LOAD ./Drivers/STM32F1xx_HAL_Driver/Src/stm32f1xx_hal_pwr.o
LOAD ./Drivers/STM32F1xx_HAL_Driver/Src/stm32f1xx_hal_rcc.o
LOAD ./Drivers/STM32F1xx_HAL_Driver/Src/stm32f1xx_hal_rcc_ex.o
LOAD ./Drivers/STM32F1xx_HAL_Driver/Src/stm32f1xx_hal_uart.o
LOAD ./Drivers/STM32F1xx_HAL_Driver/Src/stm32f1xx_ll_usb.o
LOAD ./Middlewares/ST/STM32_USB_Device_Library/Class/HID/Src/usbd_hid.o
LOAD ./Middlewares/ST/STM32_USB_Device_Library/Core/Src/usbd_core.o
LOAD ./Middlewares/ST/STM32_USB_Device_Library/Core/Src/usbd_ctlreq.o
LOAD ./Middlewares/ST/STM32_USB_Device_Library/Core/Src/usbd_ioreq.o
LOAD ./USB_DEVICE/App/usb_device.o
LOAD ./USB_DEVICE/App/usbd_desc.o
LOAD ./USB_DEVICE/Target/usbd_conf.o
START GROUP
LOAD C:/ST/STM32CubeIDE_2.0.0/STM32CubeIDE/plugins/com.st.stm32cube.ide.mcu.externaltools.gnu-tools-for-stm32.13.3.rel1.win32_1.0.100.202509120712/tools/bin/../lib/gcc/arm-none-eabi/13.3.1/../../../../arm-none-eabi/lib/thumb/v7-m/nofp\libc_nano.a
LOAD C:/ST/STM32CubeIDE_2.0.0/STM32CubeIDE/plugins/com.st.stm32cube.ide.mcu.externaltools.gnu-tools-for-stm32.13.3.rel1.win32_1.0.100.202509120712/tools/bin/../lib/gcc/arm-none-eabi/13.3.1/../../../../arm-none-eabi/lib/thumb/v7-m/nofp\libm.a
END GROUP
START GROUP
LOAD C:/ST/STM32CubeIDE_2.0.0/STM32CubeIDE/plugins/com.st.stm32cube.ide.mcu.externaltools.gnu-tools-for-stm32.13.3.rel1.win32_1.0.100.202509120712/tools/bin/../lib/gcc/arm-none-eabi/13.3.1/thumb/v7-m/nofp\libgcc.a
LOAD C:/ST/STM32CubeIDE_2.0.0/STM32CubeIDE/plugins/com.st.stm32cube.ide.mcu.externaltools.gnu-tools-for-stm32.13.3.rel1.win32_1.0.100.202509120712/tools/bin/../lib/gcc/arm-none-eabi/13.3.1/../../../../arm-none-eabi/lib/thumb/v7-m/nofp\libc_nano.a
END GROUP
START GROUP
LOAD C:/ST/STM32CubeIDE_2.0.0/STM32CubeIDE/plugins/com.st.stm32cube.ide.mcu.externaltools.gnu-tools-for-stm32.13.3.rel1.win32_1.0.100.202509120712/tools/bin/../lib/gcc/arm-none-eabi/13.3.1/thumb/v7-m/nofp\libgcc.a
LOAD C:/ST/STM32CubeIDE_2.0.0/STM32CubeIDE/plugins/com.st.stm32cube.ide.mcu.externaltools.gnu-tools-for-stm32.13.3.rel1.win32_1.0.100.202509120712/tools/bin/../lib/gcc/arm-none-eabi/13.3.1/../../../../arm-none-eabi/lib/thumb/v7-m/nofp\libc_nano.a
LOAD C:/ST/STM32CubeIDE_2.0.0/STM32CubeIDE/plugins/com.st.stm32cube.ide.mcu.externaltools.gnu-tools-for-stm32.13.3.rel1.win32_1.0.100.202509120712/tools/bin/../lib/gcc/arm-none-eabi/13.3.1/../../../../arm-none-eabi/lib/thumb/v7-m/nofp\libnosys.a
END GROUP
START GROUP
LOAD C:/ST/STM32CubeIDE_2.0.0/STM32CubeIDE/plugins/com.st.stm32cube.ide.mcu.externaltools.gnu-tools-for-stm32.13.3.rel1.win32_1.0.100.202509120712/tools/bin/../lib/gcc/arm-none-eabi/13.3.1/thumb/v7-m/nofp\libgcc.a
LOAD C:/ST/STM32CubeIDE_2.0.0/STM32CubeIDE/plugins/com.st.stm32cube.ide.mcu.externaltools.gnu-tools-for-stm32.13.3.rel1.win32_1.0.100.202509120712/tools/bin/../lib/gcc/arm-none-eabi/13.3.1/../../../../arm-none-eabi/lib/thumb/v7-m/nofp\libc_nano.a
LOAD C:/ST/STM32CubeIDE_2.0.0/STM32CubeIDE/plugins/com.st.stm32cube.ide.mcu.externaltools.gnu-tools-for-stm32.13.3.rel1.win32_1.0.100.202509120712/tools/bin/../lib/gcc/arm-none-eabi/13.3.1/../../../../arm-none-eabi/lib/thumb/v7-m/nofp\libnosys.a
END GROUP
LOAD C:/ST/STM32CubeIDE_2.0.0/STM32CubeIDE/plugins/com.st.stm32cube.ide.mcu.externaltools.gnu-tools-for-stm32.13.3.rel1.win32_1.0.100.202509120712/tools/bin/../lib/gcc/arm-none-eabi/13.3.1/thumb/v7-m/nofp/crtend.o
LOAD C:/ST/STM32CubeIDE_2.0.0/STM32CubeIDE/plugins/com.st.stm32cube.ide.mcu.externaltools.gnu-tools-for-stm32.13.3.rel1.win32_1.0.100.202509120712/tools/bin/../lib/gcc/arm-none-eabi/13.3.1/thumb/v7-m/nofp/crtn.o
                0x20002800                        _estack = (ORIGIN (RAM) + LENGTH (RAM))
                0x00000400                        _Min_Heap_Size = 0x400
                0x00000800                        _Min_Stack_Size = 0x800

.isr_vector     0x08000000      0x10c
                0x08000000                        . = ALIGN (0x4)
 *(.isr_vector)
 .isr_vector    0x08000000      0x10c ./Core/Startup/startup_stm32f103c6tx.o
                0x08000000                g_pfnVectors
                0x0800010c                        . = ALIGN (0x4)

.text           0x0800010c     0x796c
                0x0800010c                        . = ALIGN (0x4)
 *(.text)
 .text          0x0800010c       0x40 C:/ST/STM32CubeIDE_2.0.0/STM32CubeIDE/plugins/com.st.stm32cube.ide.mcu.externaltools.gnu-tools-for-stm32.13.3.rel1.win32_1.0.100.202509120712/tools/bin/../lib/gcc/arm-none-eabi/13.3.1/thumb/v7-m/nofp/crtbegin.o
 *(.text*)
 .text.read_controller_raw.0
                0x0800014c      0x1f8 ./Core/Src/main.o
 .text.main     0x08000344      0x1bc ./Core/Src/main.o
                0x08000344                main
 .text.SystemClock_Config
                0x08000500       0xb6 ./Core/Src/main.o
                0x08000500                SystemClock_Config
 *fill*         0x080005b6        0x2 
 .text.MX_USART2_UART_Init
                0x080005b8       0x54 ./Core/Src/main.o
 .text.MX_GPIO_Init
                0x0800060c       0xa4 ./Core/Src/main.o
 .text.Error_Handler
                0x080006b0        0xc ./Core/Src/main.o
                0x080006b0                Error_Handler
 .text.HAL_MspInit
                0x080006bc       0x64 ./Core/Src/stm32f1xx_hal_msp.o
                0x080006bc                HAL_MspInit
 .text.HAL_UART_MspInit
                0x08000720       0x94 ./Core/Src/stm32f1xx_hal_msp.o
                0x08000720                HAL_UART_MspInit
 .text.NMI_Handler
                0x080007b4        0x8 ./Core/Src/stm32f1xx_it.o
                0x080007b4                NMI_Handler
 .text.HardFault_Handler
                0x080007bc        0x8 ./Core/Src/stm32f1xx_it.o
                0x080007bc                HardFault_Handler
 .text.MemManage_Handler
                0x080007c4        0x8 ./Core/Src/stm32f1xx_it.o
                0x080007c4                MemManage_Handler
 .text.BusFault_Handler
                0x080007cc        0x8 ./Core/Src/stm32f1xx_it.o
                0x080007cc                BusFault_Handler
 .text.UsageFault_Handler
                0x080007d4        0x8 ./Core/Src/stm32f1xx_it.o
                0x080007d4                UsageFault_Handler
 .text.SVC_Handler
                0x080007dc        0xc ./Core/Src/stm32f1xx_it.o
                0x080007dc                SVC_Handler
 .text.DebugMon_Handler
                0x080007e8        0xc ./Core/Src/stm32f1xx_it.o
                0x080007e8                DebugMon_Handler
 .text.PendSV_Handler
                0x080007f4        0xc ./Core/Src/stm32f1xx_it.o
                0x080007f4                PendSV_Handler
 .text.SysTick_Handler
                0x08000800        0xc ./Core/Src/stm32f1xx_it.o
                0x08000800                SysTick_Handler
 .text.USB_HP_CAN1_TX_IRQHandler
                0x0800080c       0x14 ./Core/Src/stm32f1xx_it.o
                0x0800080c                USB_HP_CAN1_TX_IRQHandler
 .text.USB_LP_CAN1_RX0_IRQHandler
                0x08000820       0x14 ./Core/Src/stm32f1xx_it.o
                0x08000820                USB_LP_CAN1_RX0_IRQHandler
 .text.SystemInit
                0x08000834        0xc ./Core/Src/system_stm32f1xx.o
                0x08000834                SystemInit
 .text.Reset_Handler
                0x08000840       0x48 ./Core/Startup/startup_stm32f103c6tx.o
                0x08000840                Reset_Handler
 .text.Default_Handler
                0x08000888        0x2 ./Core/Startup/startup_stm32f103c6tx.o
                0x08000888                RTC_Alarm_IRQHandler
                0x08000888                EXTI2_IRQHandler
                0x08000888                TIM1_CC_IRQHandler
                0x08000888                PVD_IRQHandler
                0x08000888                EXTI3_IRQHandler
                0x08000888                EXTI0_IRQHandler
                0x08000888                ADC1_2_IRQHandler
                0x08000888                SPI1_IRQHandler
                0x08000888                TAMPER_IRQHandler
                0x08000888                DMA1_Channel4_IRQHandler
                0x08000888                RTC_IRQHandler
                0x08000888                DMA1_Channel7_IRQHandler
                0x08000888                CAN1_RX1_IRQHandler
                0x08000888                I2C1_EV_IRQHandler
                0x08000888                DMA1_Channel6_IRQHandler
                0x08000888                TIM3_IRQHandler
                0x08000888                RCC_IRQHandler
                0x08000888                TIM1_TRG_COM_IRQHandler
                0x08000888                DMA1_Channel1_IRQHandler
                0x08000888                Default_Handler
                0x08000888                EXTI15_10_IRQHandler
                0x08000888                EXTI9_5_IRQHandler
                0x08000888                DMA1_Channel5_IRQHandler
                0x08000888                EXTI4_IRQHandler
                0x08000888                DMA1_Channel3_IRQHandler
                0x08000888                TIM1_UP_IRQHandler
                0x08000888                WWDG_IRQHandler
                0x08000888                TIM2_IRQHandler
                0x08000888                TIM1_BRK_IRQHandler
                0x08000888                EXTI1_IRQHandler
                0x08000888                USART2_IRQHandler
                0x08000888                DMA1_Channel2_IRQHandler
                0x08000888                CAN1_SCE_IRQHandler
                0x08000888                FLASH_IRQHandler
                0x08000888                USART1_IRQHandler
                0x08000888                I2C1_ER_IRQHandler
                0x08000888                USBWakeUp_IRQHandler
 *fill*         0x0800088a        0x2 
 .text.HAL_Init
                0x0800088c       0x2c ./Drivers/STM32F1xx_HAL_Driver/Src/stm32f1xx_hal.o
                0x0800088c                HAL_Init
 .text.HAL_InitTick
                0x080008b8       0x60 ./Drivers/STM32F1xx_HAL_Driver/Src/stm32f1xx_hal.o
                0x080008b8                HAL_InitTick
 .text.HAL_IncTick
                0x08000918       0x24 ./Drivers/STM32F1xx_HAL_Driver/Src/stm32f1xx_hal.o
                0x08000918                HAL_IncTick
 .text.HAL_GetTick
                0x0800093c       0x14 ./Drivers/STM32F1xx_HAL_Driver/Src/stm32f1xx_hal.o
                0x0800093c                HAL_GetTick
 .text.__NVIC_SetPriorityGrouping
                0x08000950       0x48 ./Drivers/STM32F1xx_HAL_Driver/Src/stm32f1xx_hal_cortex.o
 .text.__NVIC_GetPriorityGrouping
                0x08000998       0x1c ./Drivers/STM32F1xx_HAL_Driver/Src/stm32f1xx_hal_cortex.o
 .text.__NVIC_EnableIRQ
                0x080009b4       0x38 ./Drivers/STM32F1xx_HAL_Driver/Src/stm32f1xx_hal_cortex.o
 .text.__NVIC_SetPriority
                0x080009ec       0x54 ./Drivers/STM32F1xx_HAL_Driver/Src/stm32f1xx_hal_cortex.o
 .text.NVIC_EncodePriority
                0x08000a40       0x64 ./Drivers/STM32F1xx_HAL_Driver/Src/stm32f1xx_hal_cortex.o
 .text.SysTick_Config
                0x08000aa4       0x44 ./Drivers/STM32F1xx_HAL_Driver/Src/stm32f1xx_hal_cortex.o
 .text.HAL_NVIC_SetPriorityGrouping
                0x08000ae8       0x16 ./Drivers/STM32F1xx_HAL_Driver/Src/stm32f1xx_hal_cortex.o
                0x08000ae8                HAL_NVIC_SetPriorityGrouping
 .text.HAL_NVIC_SetPriority
                0x08000afe       0x38 ./Drivers/STM32F1xx_HAL_Driver/Src/stm32f1xx_hal_cortex.o
                0x08000afe                HAL_NVIC_SetPriority
 .text.HAL_NVIC_EnableIRQ
                0x08000b36       0x1c ./Drivers/STM32F1xx_HAL_Driver/Src/stm32f1xx_hal_cortex.o
                0x08000b36                HAL_NVIC_EnableIRQ
 .text.HAL_SYSTICK_Config
                0x08000b52       0x18 ./Drivers/STM32F1xx_HAL_Driver/Src/stm32f1xx_hal_cortex.o
                0x08000b52                HAL_SYSTICK_Config
 *fill*         0x08000b6a        0x2 
 .text.HAL_GPIO_Init
                0x08000b6c      0x2f8 ./Drivers/STM32F1xx_HAL_Driver/Src/stm32f1xx_hal_gpio.o
                0x08000b6c                HAL_GPIO_Init
 .text.HAL_GPIO_ReadPin
                0x08000e64       0x2e ./Drivers/STM32F1xx_HAL_Driver/Src/stm32f1xx_hal_gpio.o
                0x08000e64                HAL_GPIO_ReadPin
 .text.HAL_PCD_Init
                0x08000e92      0x1ec ./Drivers/STM32F1xx_HAL_Driver/Src/stm32f1xx_hal_pcd.o
                0x08000e92                HAL_PCD_Init
 .text.HAL_PCD_Start
                0x0800107e       0x4c ./Drivers/STM32F1xx_HAL_Driver/Src/stm32f1xx_hal_pcd.o
                0x0800107e                HAL_PCD_Start
 .text.HAL_PCD_IRQHandler
                0x080010ca      0x260 ./Drivers/STM32F1xx_HAL_Driver/Src/stm32f1xx_hal_pcd.o
                0x080010ca                HAL_PCD_IRQHandler
 .text.HAL_PCD_SetAddress
                0x0800132a       0x48 ./Drivers/STM32F1xx_HAL_Driver/Src/stm32f1xx_hal_pcd.o
                0x0800132a                HAL_PCD_SetAddress
 .text.HAL_PCD_EP_Open
                0x08001372       0xba ./Drivers/STM32F1xx_HAL_Driver/Src/stm32f1xx_hal_pcd.o
                0x08001372                HAL_PCD_EP_Open
 .text.HAL_PCD_EP_Close
                0x0800142c       0x90 ./Drivers/STM32F1xx_HAL_Driver/Src/stm32f1xx_hal_pcd.o
                0x0800142c                HAL_PCD_EP_Close
 .text.HAL_PCD_EP_Receive
                0x080014bc       0x62 ./Drivers/STM32F1xx_HAL_Driver/Src/stm32f1xx_hal_pcd.o
                0x080014bc                HAL_PCD_EP_Receive
 .text.HAL_PCD_EP_Transmit
                0x0800151e       0x6e ./Drivers/STM32F1xx_HAL_Driver/Src/stm32f1xx_hal_pcd.o
                0x0800151e                HAL_PCD_EP_Transmit
 .text.HAL_PCD_EP_SetStall
                0x0800158c       0xc0 ./Drivers/STM32F1xx_HAL_Driver/Src/stm32f1xx_hal_pcd.o
                0x0800158c                HAL_PCD_EP_SetStall
 .text.HAL_PCD_EP_ClrStall
                0x0800164c       0xa8 ./Drivers/STM32F1xx_HAL_Driver/Src/stm32f1xx_hal_pcd.o
                0x0800164c                HAL_PCD_EP_ClrStall
 .text.PCD_EP_ISR_Handler
                0x080016f4      0x79e ./Drivers/STM32F1xx_HAL_Driver/Src/stm32f1xx_hal_pcd.o
 .text.HAL_PCD_EP_DB_Receive
                0x08001e92      0x21a ./Drivers/STM32F1xx_HAL_Driver/Src/stm32f1xx_hal_pcd.o
 .text.HAL_PCD_EP_DB_Transmit
                0x080020ac      0x7f4 ./Drivers/STM32F1xx_HAL_Driver/Src/stm32f1xx_hal_pcd.o
 .text.HAL_PCDEx_PMAConfig
                0x080028a0       0x84 ./Drivers/STM32F1xx_HAL_Driver/Src/stm32f1xx_hal_pcd_ex.o
                0x080028a0                HAL_PCDEx_PMAConfig
 .text.HAL_RCC_OscConfig
                0x08002924      0x504 ./Drivers/STM32F1xx_HAL_Driver/Src/stm32f1xx_hal_rcc.o
                0x08002924                HAL_RCC_OscConfig
 .text.HAL_RCC_ClockConfig
                0x08002e28      0x1d4 ./Drivers/STM32F1xx_HAL_Driver/Src/stm32f1xx_hal_rcc.o
                0x08002e28                HAL_RCC_ClockConfig
 .text.HAL_RCC_GetSysClockFreq
                0x08002ffc       0xa8 ./Drivers/STM32F1xx_HAL_Driver/Src/stm32f1xx_hal_rcc.o
                0x08002ffc                HAL_RCC_GetSysClockFreq
 .text.HAL_RCC_GetHCLKFreq
                0x080030a4       0x14 ./Drivers/STM32F1xx_HAL_Driver/Src/stm32f1xx_hal_rcc.o
                0x080030a4                HAL_RCC_GetHCLKFreq
 .text.HAL_RCC_GetPCLK1Freq
                0x080030b8       0x28 ./Drivers/STM32F1xx_HAL_Driver/Src/stm32f1xx_hal_rcc.o
                0x080030b8                HAL_RCC_GetPCLK1Freq
 .text.HAL_RCC_GetPCLK2Freq
                0x080030e0       0x28 ./Drivers/STM32F1xx_HAL_Driver/Src/stm32f1xx_hal_rcc.o
                0x080030e0                HAL_RCC_GetPCLK2Freq
 .text.RCC_Delay
                0x08003108       0x3c ./Drivers/STM32F1xx_HAL_Driver/Src/stm32f1xx_hal_rcc.o
 .text.HAL_RCCEx_PeriphCLKConfig
                0x08003144      0x16c ./Drivers/STM32F1xx_HAL_Driver/Src/stm32f1xx_hal_rcc_ex.o
                0x08003144                HAL_RCCEx_PeriphCLKConfig
 .text.HAL_UART_Init
                0x080032b0       0xa0 ./Drivers/STM32F1xx_HAL_Driver/Src/stm32f1xx_hal_uart.o
                0x080032b0                HAL_UART_Init
 .text.HAL_UART_Transmit
                0x08003350      0x116 ./Drivers/STM32F1xx_HAL_Driver/Src/stm32f1xx_hal_uart.o
                0x08003350                HAL_UART_Transmit
 .text.UART_WaitOnFlagUntilTimeout
                0x08003466       0xb2 ./Drivers/STM32F1xx_HAL_Driver/Src/stm32f1xx_hal_uart.o
 .text.UART_EndRxTransfer
                0x08003518       0xc4 ./Drivers/STM32F1xx_HAL_Driver/Src/stm32f1xx_hal_uart.o
 .text.UART_SetConfig
                0x080035dc      0x11c ./Drivers/STM32F1xx_HAL_Driver/Src/stm32f1xx_hal_uart.o
 .text.USB_CoreInit
                0x080036f8       0x1a ./Drivers/STM32F1xx_HAL_Driver/Src/stm32f1xx_ll_usb.o
                0x080036f8                USB_CoreInit
 .text.USB_EnableGlobalInt
                0x08003712       0x2c ./Drivers/STM32F1xx_HAL_Driver/Src/stm32f1xx_ll_usb.o
                0x08003712                USB_EnableGlobalInt
 .text.USB_DisableGlobalInt
                0x0800373e       0x34 ./Drivers/STM32F1xx_HAL_Driver/Src/stm32f1xx_ll_usb.o
                0x0800373e                USB_DisableGlobalInt
 .text.USB_SetCurrentMode
                0x08003772       0x18 ./Drivers/STM32F1xx_HAL_Driver/Src/stm32f1xx_ll_usb.o
                0x08003772                USB_SetCurrentMode
 .text.USB_DevInit
                0x0800378a       0x3a ./Drivers/STM32F1xx_HAL_Driver/Src/stm32f1xx_ll_usb.o
                0x0800378a                USB_DevInit
 .text.USB_ActivateEndpoint
                0x080037c4      0x780 ./Drivers/STM32F1xx_HAL_Driver/Src/stm32f1xx_ll_usb.o
                0x080037c4                USB_ActivateEndpoint
 .text.USB_DeactivateEndpoint
                0x08003f44      0x3d8 ./Drivers/STM32F1xx_HAL_Driver/Src/stm32f1xx_ll_usb.o
                0x08003f44                USB_DeactivateEndpoint
 .text.USB_EPStartXfer
                0x0800431c     0x1762 ./Drivers/STM32F1xx_HAL_Driver/Src/stm32f1xx_ll_usb.o
                0x0800431c                USB_EPStartXfer
 .text.USB_EPSetStall
                0x08005a7e       0xa0 ./Drivers/STM32F1xx_HAL_Driver/Src/stm32f1xx_ll_usb.o
                0x08005a7e                USB_EPSetStall
 .text.USB_EPClearStall
                0x08005b1e      0x15a ./Drivers/STM32F1xx_HAL_Driver/Src/stm32f1xx_ll_usb.o
                0x08005b1e                USB_EPClearStall
 .text.USB_SetDevAddress
                0x08005c78       0x26 ./Drivers/STM32F1xx_HAL_Driver/Src/stm32f1xx_ll_usb.o
                0x08005c78                USB_SetDevAddress
 .text.USB_DevConnect
                0x08005c9e       0x14 ./Drivers/STM32F1xx_HAL_Driver/Src/stm32f1xx_ll_usb.o
                0x08005c9e                USB_DevConnect
 .text.USB_DevDisconnect
                0x08005cb2       0x14 ./Drivers/STM32F1xx_HAL_Driver/Src/stm32f1xx_ll_usb.o
                0x08005cb2                USB_DevDisconnect
 .text.USB_ReadInterrupts
                0x08005cc6       0x1e ./Drivers/STM32F1xx_HAL_Driver/Src/stm32f1xx_ll_usb.o
                0x08005cc6                USB_ReadInterrupts
 .text.USB_EP0_OutStart
                0x08005ce4       0x16 ./Drivers/STM32F1xx_HAL_Driver/Src/stm32f1xx_ll_usb.o
                0x08005ce4                USB_EP0_OutStart
 .text.USB_WritePMA
                0x08005cfa       0x8c ./Drivers/STM32F1xx_HAL_Driver/Src/stm32f1xx_ll_usb.o
                0x08005cfa                USB_WritePMA
 .text.USB_ReadPMA
                0x08005d86       0x9e ./Drivers/STM32F1xx_HAL_Driver/Src/stm32f1xx_ll_usb.o
                0x08005d86                USB_ReadPMA
 .text.USBD_HID_Init
                0x08005e24       0x4e ./Middlewares/ST/STM32_USB_Device_Library/Class/HID/Src/usbd_hid.o
 .text.USBD_HID_DeInit
                0x08005e72       0x42 ./Middlewares/ST/STM32_USB_Device_Library/Class/HID/Src/usbd_hid.o
 .text.USBD_HID_Setup
                0x08005eb4      0x1fc ./Middlewares/ST/STM32_USB_Device_Library/Class/HID/Src/usbd_hid.o
 .text.USBD_HID_SendReport
                0x080060b0       0x44 ./Middlewares/ST/STM32_USB_Device_Library/Class/HID/Src/usbd_hid.o
                0x080060b0                USBD_HID_SendReport
 .text.USBD_HID_GetFSCfgDesc
                0x080060f4       0x20 ./Middlewares/ST/STM32_USB_Device_Library/Class/HID/Src/usbd_hid.o
 .text.USBD_HID_GetHSCfgDesc
                0x08006114       0x20 ./Middlewares/ST/STM32_USB_Device_Library/Class/HID/Src/usbd_hid.o
 .text.USBD_HID_GetOtherSpeedCfgDesc
                0x08006134       0x20 ./Middlewares/ST/STM32_USB_Device_Library/Class/HID/Src/usbd_hid.o
 .text.USBD_HID_DataIn
                0x08006154       0x22 ./Middlewares/ST/STM32_USB_Device_Library/Class/HID/Src/usbd_hid.o
 *fill*         0x08006176        0x2 
 .text.USBD_HID_GetDeviceQualifierDesc
                0x08006178       0x20 ./Middlewares/ST/STM32_USB_Device_Library/Class/HID/Src/usbd_hid.o
 .text.USBD_Init
                0x08006198       0x56 ./Middlewares/ST/STM32_USB_Device_Library/Core/Src/usbd_core.o
                0x08006198                USBD_Init
 .text.USBD_RegisterClass
                0x080061ee       0x32 ./Middlewares/ST/STM32_USB_Device_Library/Core/Src/usbd_core.o
                0x080061ee                USBD_RegisterClass
 .text.USBD_Start
                0x08006220       0x18 ./Middlewares/ST/STM32_USB_Device_Library/Core/Src/usbd_core.o
                0x08006220                USBD_Start
 .text.USBD_RunTestMode
                0x08006238       0x14 ./Middlewares/ST/STM32_USB_Device_Library/Core/Src/usbd_core.o
                0x08006238                USBD_RunTestMode
 .text.USBD_SetClassConfig
                0x0800624c       0x3e ./Middlewares/ST/STM32_USB_Device_Library/Core/Src/usbd_core.o
                0x0800624c                USBD_SetClassConfig
 .text.USBD_ClrClassConfig
                0x0800628a       0x26 ./Middlewares/ST/STM32_USB_Device_Library/Core/Src/usbd_core.o
                0x0800628a                USBD_ClrClassConfig
 .text.USBD_LL_SetupStage
                0x080062b0       0x9a ./Middlewares/ST/STM32_USB_Device_Library/Core/Src/usbd_core.o
                0x080062b0                USBD_LL_SetupStage
 .text.USBD_LL_DataOutStage
                0x0800634a       0xe2 ./Middlewares/ST/STM32_USB_Device_Library/Core/Src/usbd_core.o
                0x0800634a                USBD_LL_DataOutStage
 .text.USBD_LL_DataInStage
                0x0800642c      0x14a ./Middlewares/ST/STM32_USB_Device_Library/Core/Src/usbd_core.o
                0x0800642c                USBD_LL_DataInStage
 .text.USBD_LL_Reset
                0x08006576       0x82 ./Middlewares/ST/STM32_USB_Device_Library/Core/Src/usbd_core.o
                0x08006576                USBD_LL_Reset
 .text.USBD_LL_SetSpeed
                0x080065f8       0x1e ./Middlewares/ST/STM32_USB_Device_Library/Core/Src/usbd_core.o
                0x080065f8                USBD_LL_SetSpeed
 .text.USBD_LL_Suspend
                0x08006616       0x28 ./Middlewares/ST/STM32_USB_Device_Library/Core/Src/usbd_core.o
                0x08006616                USBD_LL_Suspend
 .text.USBD_LL_Resume
                0x0800663e       0x2a ./Middlewares/ST/STM32_USB_Device_Library/Core/Src/usbd_core.o
                0x0800663e                USBD_LL_Resume
 .text.USBD_LL_SOF
                0x08006668       0x34 ./Middlewares/ST/STM32_USB_Device_Library/Core/Src/usbd_core.o
                0x08006668                USBD_LL_SOF
 .text.USBD_StdDevReq
                0x0800669c       0xd4 ./Middlewares/ST/STM32_USB_Device_Library/Core/Src/usbd_ctlreq.o
                0x0800669c                USBD_StdDevReq
 .text.USBD_StdItfReq
                0x08006770       0x90 ./Middlewares/ST/STM32_USB_Device_Library/Core/Src/usbd_ctlreq.o
                0x08006770                USBD_StdItfReq
 .text.USBD_StdEPReq
                0x08006800      0x2c6 ./Middlewares/ST/STM32_USB_Device_Library/Core/Src/usbd_ctlreq.o
                0x08006800                USBD_StdEPReq
 *fill*         0x08006ac6        0x2 
 .text.USBD_GetDescriptor
                0x08006ac8      0x2d0 ./Middlewares/ST/STM32_USB_Device_Library/Core/Src/usbd_ctlreq.o
 .text.USBD_SetAddress
                0x08006d98       0x86 ./Middlewares/ST/STM32_USB_Device_Library/Core/Src/usbd_ctlreq.o
 *fill*         0x08006e1e        0x2 
 .text.USBD_SetConfig
                0x08006e20      0x11c ./Middlewares/ST/STM32_USB_Device_Library/Core/Src/usbd_ctlreq.o
 .text.USBD_GetConfig
                0x08006f3c       0x6a ./Middlewares/ST/STM32_USB_Device_Library/Core/Src/usbd_ctlreq.o
 .text.USBD_GetStatus
                0x08006fa6       0x66 ./Middlewares/ST/STM32_USB_Device_Library/Core/Src/usbd_ctlreq.o
 .text.USBD_SetFeature
                0x0800700c       0x28 ./Middlewares/ST/STM32_USB_Device_Library/Core/Src/usbd_ctlreq.o
 .text.USBD_ClrFeature
                0x08007034       0x42 ./Middlewares/ST/STM32_USB_Device_Library/Core/Src/usbd_ctlreq.o
 .text.USBD_ParseSetupRequest
                0x08007076       0x72 ./Middlewares/ST/STM32_USB_Device_Library/Core/Src/usbd_ctlreq.o
                0x08007076                USBD_ParseSetupRequest
 .text.USBD_CtlError
                0x080070e8       0x22 ./Middlewares/ST/STM32_USB_Device_Library/Core/Src/usbd_ctlreq.o
                0x080070e8                USBD_CtlError
 .text.USBD_GetString
                0x0800710a       0x84 ./Middlewares/ST/STM32_USB_Device_Library/Core/Src/usbd_ctlreq.o
                0x0800710a                USBD_GetString
 .text.USBD_GetLen
                0x0800718e       0x2e ./Middlewares/ST/STM32_USB_Device_Library/Core/Src/usbd_ctlreq.o
 .text.USBD_CtlSendData
                0x080071bc       0x38 ./Middlewares/ST/STM32_USB_Device_Library/Core/Src/usbd_ioreq.o
                0x080071bc                USBD_CtlSendData
 .text.USBD_CtlContinueSendData
                0x080071f4       0x24 ./Middlewares/ST/STM32_USB_Device_Library/Core/Src/usbd_ioreq.o
                0x080071f4                USBD_CtlContinueSendData
 .text.USBD_CtlContinueRx
                0x08007218       0x24 ./Middlewares/ST/STM32_USB_Device_Library/Core/Src/usbd_ioreq.o
                0x08007218                USBD_CtlContinueRx
 .text.USBD_CtlSendStatus
                0x0800723c       0x26 ./Middlewares/ST/STM32_USB_Device_Library/Core/Src/usbd_ioreq.o
                0x0800723c                USBD_CtlSendStatus
 .text.USBD_CtlReceiveStatus
                0x08007262       0x26 ./Middlewares/ST/STM32_USB_Device_Library/Core/Src/usbd_ioreq.o
                0x08007262                USBD_CtlReceiveStatus
 .text.MX_USB_DEVICE_Init
                0x08007288       0x4c ./USB_DEVICE/App/usb_device.o
                0x08007288                MX_USB_DEVICE_Init
 .text.USBD_FS_DeviceDescriptor
                0x080072d4       0x24 ./USB_DEVICE/App/usbd_desc.o
                0x080072d4                USBD_FS_DeviceDescriptor
 .text.USBD_FS_LangIDStrDescriptor
                0x080072f8       0x24 ./USB_DEVICE/App/usbd_desc.o
                0x080072f8                USBD_FS_LangIDStrDescriptor
 .text.USBD_FS_ProductStrDescriptor
                0x0800731c       0x3c ./USB_DEVICE/App/usbd_desc.o
                0x0800731c                USBD_FS_ProductStrDescriptor
 .text.USBD_FS_ManufacturerStrDescriptor
                0x08007358       0x28 ./USB_DEVICE/App/usbd_desc.o
                0x08007358                USBD_FS_ManufacturerStrDescriptor
 .text.USBD_FS_SerialStrDescriptor
                0x08007380       0x24 ./USB_DEVICE/App/usbd_desc.o
                0x08007380                USBD_FS_SerialStrDescriptor
 .text.USBD_FS_ConfigStrDescriptor
                0x080073a4       0x3c ./USB_DEVICE/App/usbd_desc.o
                0x080073a4                USBD_FS_ConfigStrDescriptor
 .text.USBD_FS_InterfaceStrDescriptor
                0x080073e0       0x3c ./USB_DEVICE/App/usbd_desc.o
                0x080073e0                USBD_FS_InterfaceStrDescriptor
 .text.Get_SerialNum
                0x0800741c       0x58 ./USB_DEVICE/App/usbd_desc.o
 .text.IntToUnicode
                0x08007474       0x7c ./USB_DEVICE/App/usbd_desc.o
 .text.HAL_PCD_MspInit
                0x080074f0       0x5c ./USB_DEVICE/Target/usbd_conf.o
                0x080074f0                HAL_PCD_MspInit
 .text.HAL_PCD_SetupStageCallback
                0x0800754c       0x24 ./USB_DEVICE/Target/usbd_conf.o
                0x0800754c                HAL_PCD_SetupStageCallback
 .text.HAL_PCD_DataOutStageCallback
                0x08007570       0x36 ./USB_DEVICE/Target/usbd_conf.o
                0x08007570                HAL_PCD_DataOutStageCallback
 .text.HAL_PCD_DataInStageCallback
                0x080075a6       0x34 ./USB_DEVICE/Target/usbd_conf.o
                0x080075a6                HAL_PCD_DataInStageCallback
 .text.HAL_PCD_SOFCallback
                0x080075da       0x1c ./USB_DEVICE/Target/usbd_conf.o
                0x080075da                HAL_PCD_SOFCallback
 .text.HAL_PCD_ResetCallback
                0x080075f6       0x3c ./USB_DEVICE/Target/usbd_conf.o
                0x080075f6                HAL_PCD_ResetCallback
 *fill*         0x08007632        0x2 
 .text.HAL_PCD_SuspendCallback
                0x08007634       0x34 ./USB_DEVICE/Target/usbd_conf.o
                0x08007634                HAL_PCD_SuspendCallback
 .text.HAL_PCD_ResumeCallback
                0x08007668       0x1c ./USB_DEVICE/Target/usbd_conf.o
                0x08007668                HAL_PCD_ResumeCallback
 .text.USBD_LL_Init
                0x08007684       0x90 ./USB_DEVICE/Target/usbd_conf.o
                0x08007684                USBD_LL_Init
 .text.USBD_LL_Start
                0x08007714       0x36 ./USB_DEVICE/Target/usbd_conf.o
                0x08007714                USBD_LL_Start
 .text.USBD_LL_OpenEP
                0x0800774a       0x4c ./USB_DEVICE/Target/usbd_conf.o
                0x0800774a                USBD_LL_OpenEP
 .text.USBD_LL_CloseEP
                0x08007796       0x3e ./USB_DEVICE/Target/usbd_conf.o
                0x08007796                USBD_LL_CloseEP
 .text.USBD_LL_StallEP
                0x080077d4       0x3e ./USB_DEVICE/Target/usbd_conf.o
                0x080077d4                USBD_LL_StallEP
 .text.USBD_LL_ClearStallEP
                0x08007812       0x3e ./USB_DEVICE/Target/usbd_conf.o
                0x08007812                USBD_LL_ClearStallEP
 .text.USBD_LL_IsStallEP
                0x08007850       0x56 ./USB_DEVICE/Target/usbd_conf.o
                0x08007850                USBD_LL_IsStallEP
 .text.USBD_LL_SetUSBAddress
                0x080078a6       0x3e ./USB_DEVICE/Target/usbd_conf.o
                0x080078a6                USBD_LL_SetUSBAddress
 .text.USBD_LL_Transmit
                0x080078e4       0x46 ./USB_DEVICE/Target/usbd_conf.o
                0x080078e4                USBD_LL_Transmit
 .text.USBD_LL_PrepareReceive
                0x0800792a       0x46 ./USB_DEVICE/Target/usbd_conf.o
                0x0800792a                USBD_LL_PrepareReceive
 .text.USBD_static_malloc
                0x08007970       0x18 ./USB_DEVICE/Target/usbd_conf.o
                0x08007970                USBD_static_malloc
 .text.USBD_static_free
                0x08007988       0x12 ./USB_DEVICE/Target/usbd_conf.o
                0x08007988                USBD_static_free
 .text.HAL_PCDEx_SetConnectionState
                0x0800799a       0x16 ./USB_DEVICE/Target/usbd_conf.o
                0x0800799a                HAL_PCDEx_SetConnectionState
 .text.USBD_Get_USB_Status
                0x080079b0       0x58 ./USB_DEVICE/Target/usbd_conf.o
 .text.memset   0x08007a08       0x10 C:/ST/STM32CubeIDE_2.0.0/STM32CubeIDE/plugins/com.st.stm32cube.ide.mcu.externaltools.gnu-tools-for-stm32.13.3.rel1.win32_1.0.100.202509120712/tools/bin/../lib/gcc/arm-none-eabi/13.3.1/../../../../arm-none-eabi/lib/thumb/v7-m/nofp\libc_nano.a(libc_a-memset.o)
                0x08007a08                memset
 .text.__libc_init_array
                0x08007a18       0x48 C:/ST/STM32CubeIDE_2.0.0/STM32CubeIDE/plugins/com.st.stm32cube.ide.mcu.externaltools.gnu-tools-for-stm32.13.3.rel1.win32_1.0.100.202509120712/tools/bin/../lib/gcc/arm-none-eabi/13.3.1/../../../../arm-none-eabi/lib/thumb/v7-m/nofp\libc_nano.a(libc_a-init.o)
                0x08007a18                __libc_init_array
 *(.glue_7)
 .glue_7        0x08007a60        0x0 linker stubs
 *(.glue_7t)
 .glue_7t       0x08007a60        0x0 linker stubs
 *(.eh_frame)
 .eh_frame      0x08007a60        0x0 C:/ST/STM32CubeIDE_2.0.0/STM32CubeIDE/plugins/com.st.stm32cube.ide.mcu.externaltools.gnu-tools-for-stm32.13.3.rel1.win32_1.0.100.202509120712/tools/bin/../lib/gcc/arm-none-eabi/13.3.1/thumb/v7-m/nofp/crtbegin.o
 *(.init)
 .init          0x08007a60        0x4 C:/ST/STM32CubeIDE_2.0.0/STM32CubeIDE/plugins/com.st.stm32cube.ide.mcu.externaltools.gnu-tools-for-stm32.13.3.rel1.win32_1.0.100.202509120712/tools/bin/../lib/gcc/arm-none-eabi/13.3.1/thumb/v7-m/nofp/crti.o
                0x08007a60                _init
 .init          0x08007a64        0x8 C:/ST/STM32CubeIDE_2.0.0/STM32CubeIDE/plugins/com.st.stm32cube.ide.mcu.externaltools.gnu-tools-for-stm32.13.3.rel1.win32_1.0.100.202509120712/tools/bin/../lib/gcc/arm-none-eabi/13.3.1/thumb/v7-m/nofp/crtn.o
 *(.fini)
 .fini          0x08007a6c        0x4 C:/ST/STM32CubeIDE_2.0.0/STM32CubeIDE/plugins/com.st.stm32cube.ide.mcu.externaltools.gnu-tools-for-stm32.13.3.rel1.win32_1.0.100.202509120712/tools/bin/../lib/gcc/arm-none-eabi/13.3.1/thumb/v7-m/nofp/crti.o
                0x08007a6c                _fini
 .fini          0x08007a70        0x8 C:/ST/STM32CubeIDE_2.0.0/STM32CubeIDE/plugins/com.st.stm32cube.ide.mcu.externaltools.gnu-tools-for-stm32.13.3.rel1.win32_1.0.100.202509120712/tools/bin/../lib/gcc/arm-none-eabi/13.3.1/thumb/v7-m/nofp/crtn.o
                0x08007a78                        . = ALIGN (0x4)
                0x08007a78                        _etext = .

.vfp11_veneer   0x08007a78        0x0
 .vfp11_veneer  0x08007a78        0x0 linker stubs

.v4_bx          0x08007a78        0x0
 .v4_bx         0x08007a78        0x0 linker stubs

.iplt           0x08007a78        0x0
 .iplt          0x08007a78        0x0 C:/ST/STM32CubeIDE_2.0.0/STM32CubeIDE/plugins/com.st.stm32cube.ide.mcu.externaltools.gnu-tools-for-stm32.13.3.rel1.win32_1.0.100.202509120712/tools/bin/../lib/gcc/arm-none-eabi/13.3.1/thumb/v7-m/nofp/crtbegin.o

.rodata         0x08007a78       0x74
                0x08007a78                        . = ALIGN (0x4)
 *(.rodata)
 .rodata        0x08007a78       0x46 ./USB_DEVICE/App/usbd_desc.o
 *(.rodata*)
 *fill*         0x08007abe        0x2 
 .rodata.AHBPrescTable
                0x08007ac0       0x10 ./Core/Src/system_stm32f1xx.o
                0x08007ac0                AHBPrescTable
 .rodata.APBPrescTable
                0x08007ad0        0x8 ./Core/Src/system_stm32f1xx.o
                0x08007ad0                APBPrescTable
 .rodata.aPLLMULFactorTable.1
                0x08007ad8       0x10 ./Drivers/STM32F1xx_HAL_Driver/Src/stm32f1xx_hal_rcc.o
 .rodata.aPredivFactorTable.0
                0x08007ae8        0x2 ./Drivers/STM32F1xx_HAL_Driver/Src/stm32f1xx_hal_rcc.o
                0x08007aec                        . = ALIGN (0x4)
 *fill*         0x08007aea        0x2 

.ARM.extab      0x08007aec        0x0
                0x08007aec                        . = ALIGN (0x4)
 *(.ARM.extab* .gnu.linkonce.armextab.*)
                0x08007aec                        . = ALIGN (0x4)

.ARM            0x08007aec        0x0
                0x08007aec                        . = ALIGN (0x4)
                0x08007aec                        __exidx_start = .
 *(.ARM.exidx*)
                0x08007aec                        __exidx_end = .
                0x08007aec                        . = ALIGN (0x4)

.preinit_array  0x08007aec        0x0
                0x08007aec                        . = ALIGN (0x4)
                0x08007aec                        PROVIDE (__preinit_array_start = .)
 *(.preinit_array*)
                0x08007aec                        PROVIDE (__preinit_array_end = .)
                0x08007aec                        . = ALIGN (0x4)

.init_array     0x08007aec        0x4
                0x08007aec                        . = ALIGN (0x4)
                0x08007aec                        PROVIDE (__init_array_start = .)
 *(SORT_BY_NAME(.init_array.*))
 *(.init_array*)
 .init_array    0x08007aec        0x4 C:/ST/STM32CubeIDE_2.0.0/STM32CubeIDE/plugins/com.st.stm32cube.ide.mcu.externaltools.gnu-tools-for-stm32.13.3.rel1.win32_1.0.100.202509120712/tools/bin/../lib/gcc/arm-none-eabi/13.3.1/thumb/v7-m/nofp/crtbegin.o
                0x08007af0                        PROVIDE (__init_array_end = .)
                0x08007af0                        . = ALIGN (0x4)

.fini_array     0x08007af0        0x4
                0x08007af0                        . = ALIGN (0x4)
                [!provide]                        PROVIDE (__fini_array_start = .)
 *(SORT_BY_NAME(.fini_array.*))
 *(.fini_array*)
 .fini_array    0x08007af0        0x4 C:/ST/STM32CubeIDE_2.0.0/STM32CubeIDE/plugins/com.st.stm32cube.ide.mcu.externaltools.gnu-tools-for-stm32.13.3.rel1.win32_1.0.100.202509120712/tools/bin/../lib/gcc/arm-none-eabi/13.3.1/thumb/v7-m/nofp/crtbegin.o
                [!provide]                        PROVIDE (__fini_array_end = .)
                0x08007af4                        . = ALIGN (0x4)
                0x08007af4                        _sidata = LOADADDR (.data)

.rel.dyn        0x08007af4        0x0
 .rel.iplt      0x08007af4        0x0 C:/ST/STM32CubeIDE_2.0.0/STM32CubeIDE/plugins/com.st.stm32cube.ide.mcu.externaltools.gnu-tools-for-stm32.13.3.rel1.win32_1.0.100.202509120712/tools/bin/../lib/gcc/arm-none-eabi/13.3.1/thumb/v7-m/nofp/crtbegin.o

.data           0x20000000      0x148 load address 0x08007af4
                0x20000000                        . = ALIGN (0x4)
                0x20000000                        _sdata = .
 *(.data)
 *(.data*)
 .data.SystemCoreClock
                0x20000000        0x4 ./Core/Src/system_stm32f1xx.o
                0x20000000                SystemCoreClock
 .data.uwTickPrio
                0x20000004        0x4 ./Drivers/STM32F1xx_HAL_Driver/Src/stm32f1xx_hal.o
                0x20000004                uwTickPrio
 .data.uwTickFreq
                0x20000008        0x1 ./Drivers/STM32F1xx_HAL_Driver/Src/stm32f1xx_hal.o
                0x20000008                uwTickFreq
 *fill*         0x20000009        0x3 
 .data.USBD_HID
                0x2000000c       0x38 ./Middlewares/ST/STM32_USB_Device_Library/Class/HID/Src/usbd_hid.o
                0x2000000c                USBD_HID
 .data.USBD_HID_CfgFSDesc
                0x20000044       0x22 ./Middlewares/ST/STM32_USB_Device_Library/Class/HID/Src/usbd_hid.o
 *fill*         0x20000066        0x2 
 .data.USBD_HID_CfgHSDesc
                0x20000068       0x22 ./Middlewares/ST/STM32_USB_Device_Library/Class/HID/Src/usbd_hid.o
 *fill*         0x2000008a        0x2 
 .data.USBD_HID_OtherSpeedCfgDesc
                0x2000008c       0x22 ./Middlewares/ST/STM32_USB_Device_Library/Class/HID/Src/usbd_hid.o
 *fill*         0x200000ae        0x2 
 .data.USBD_HID_Desc
                0x200000b0        0x9 ./Middlewares/ST/STM32_USB_Device_Library/Class/HID/Src/usbd_hid.o
 *fill*         0x200000b9        0x3 
 .data.USBD_HID_DeviceQualifierDesc
                0x200000bc        0xa ./Middlewares/ST/STM32_USB_Device_Library/Class/HID/Src/usbd_hid.o
 *fill*         0x200000c6        0x2 
 .data.HID_MOUSE_ReportDesc
                0x200000c8       0x30 ./Middlewares/ST/STM32_USB_Device_Library/Class/HID/Src/usbd_hid.o
 .data.FS_Desc  0x200000f8       0x1c ./USB_DEVICE/App/usbd_desc.o
                0x200000f8                FS_Desc
 .data.USBD_FS_DeviceDesc
                0x20000114       0x12 ./USB_DEVICE/App/usbd_desc.o
                0x20000114                USBD_FS_DeviceDesc
 *fill*         0x20000126        0x2 
 .data.USBD_LangIDDesc
                0x20000128        0x4 ./USB_DEVICE/App/usbd_desc.o
                0x20000128                USBD_LangIDDesc
 .data.USBD_StringSerial
                0x2000012c       0x1a ./USB_DEVICE/App/usbd_desc.o
                0x2000012c                USBD_StringSerial
 *(.RamFunc)
 *(.RamFunc*)
                0x20000148                        . = ALIGN (0x4)
 *fill*         0x20000146        0x2 
                0x20000148                        _edata = .

.igot.plt       0x20000148        0x0 load address 0x08007c3c
 .igot.plt      0x20000148        0x0 C:/ST/STM32CubeIDE_2.0.0/STM32CubeIDE/plugins/com.st.stm32cube.ide.mcu.externaltools.gnu-tools-for-stm32.13.3.rel1.win32_1.0.100.202509120712/tools/bin/../lib/gcc/arm-none-eabi/13.3.1/thumb/v7-m/nofp/crtbegin.o
                0x20000148                        . = ALIGN (0x4)

.bss            0x20000148      0x81c load address 0x08007c3c
                0x20000148                        _sbss = .
                0x20000148                        __bss_start__ = _sbss
 *(.bss)
 .bss           0x20000148       0x1c C:/ST/STM32CubeIDE_2.0.0/STM32CubeIDE/plugins/com.st.stm32cube.ide.mcu.externaltools.gnu-tools-for-stm32.13.3.rel1.win32_1.0.100.202509120712/tools/bin/../lib/gcc/arm-none-eabi/13.3.1/thumb/v7-m/nofp/crtbegin.o
 *(.bss*)
 .bss.huart2    0x20000164       0x48 ./Core/Src/main.o
                0x20000164                huart2
 .bss.uwTick    0x200001ac        0x4 ./Drivers/STM32F1xx_HAL_Driver/Src/stm32f1xx_hal.o
                0x200001ac                uwTick
 .bss.cfgidx.0  0x200001b0        0x1 ./Middlewares/ST/STM32_USB_Device_Library/Core/Src/usbd_ctlreq.o
 *fill*         0x200001b1        0x3 
 .bss.hUsbDeviceFS
                0x200001b4      0x2c4 ./USB_DEVICE/App/usb_device.o
                0x200001b4                hUsbDeviceFS
 .bss.USBD_StrDesc
                0x20000478      0x200 ./USB_DEVICE/App/usbd_desc.o
                0x20000478                USBD_StrDesc
 .bss.hpcd_USB_FS
                0x20000678      0x2d8 ./USB_DEVICE/Target/usbd_conf.o
                0x20000678                hpcd_USB_FS
 .bss.mem.0     0x20000950       0x14 ./USB_DEVICE/Target/usbd_conf.o
 *(COMMON)
                0x20000964                        . = ALIGN (0x4)
                0x20000964                        _ebss = .
                0x20000964                        __bss_end__ = _ebss

._user_heap_stack
                0x20000964      0xc04 load address 0x08007c3c
                0x20000968                        . = ALIGN (0x8)
 *fill*         0x20000964        0x4 
                [!provide]                        PROVIDE (end = .)
                0x20000968                        PROVIDE (_end = .)
                0x20000d68                        . = (. + _Min_Heap_Size)
 *fill*         0x20000968      0x400 
                0x20001568                        . = (. + _Min_Stack_Size)
 *fill*         0x20000d68      0x800 
                0x20001568                        . = ALIGN (0x8)

/DISCARD/
 libc.a(*)
 libm.a(*)
 libgcc.a(*)

.ARM.attributes
                0x00000000       0x29
 *(.ARM.attributes)
 .ARM.attributes
                0x00000000       0x1d C:/ST/STM32CubeIDE_2.0.0/STM32CubeIDE/plugins/com.st.stm32cube.ide.mcu.externaltools.gnu-tools-for-stm32.13.3.rel1.win32_1.0.100.202509120712/tools/bin/../lib/gcc/arm-none-eabi/13.3.1/thumb/v7-m/nofp/crti.o
 .ARM.attributes
                0x0000001d       0x2d C:/ST/STM32CubeIDE_2.0.0/STM32CubeIDE/plugins/com.st.stm32cube.ide.mcu.externaltools.gnu-tools-for-stm32.13.3.rel1.win32_1.0.100.202509120712/tools/bin/../lib/gcc/arm-none-eabi/13.3.1/thumb/v7-m/nofp/crtbegin.o
 .ARM.attributes
                0x0000004a       0x2d ./Core/Src/main.o
 .ARM.attributes
                0x00000077       0x2d ./Core/Src/stm32f1xx_hal_msp.o
 .ARM.attributes
                0x000000a4       0x2d ./Core/Src/stm32f1xx_it.o
 .ARM.attributes
                0x000000d1       0x2d ./Core/Src/system_stm32f1xx.o
 .ARM.attributes
                0x000000fe       0x21 ./Core/Startup/startup_stm32f103c6tx.o
 .ARM.attributes
                0x0000011f       0x2d ./Drivers/STM32F1xx_HAL_Driver/Src/stm32f1xx_hal.o
 .ARM.attributes
                0x0000014c       0x2d ./Drivers/STM32F1xx_HAL_Driver/Src/stm32f1xx_hal_cortex.o
 .ARM.attributes
                0x00000179       0x2d ./Drivers/STM32F1xx_HAL_Driver/Src/stm32f1xx_hal_gpio.o
 .ARM.attributes
                0x000001a6       0x2d ./Drivers/STM32F1xx_HAL_Driver/Src/stm32f1xx_hal_pcd.o
 .ARM.attributes
                0x000001d3       0x2d ./Drivers/STM32F1xx_HAL_Driver/Src/stm32f1xx_hal_pcd_ex.o
 .ARM.attributes
                0x00000200       0x2d ./Drivers/STM32F1xx_HAL_Driver/Src/stm32f1xx_hal_rcc.o
 .ARM.attributes
                0x0000022d       0x2d ./Drivers/STM32F1xx_HAL_Driver/Src/stm32f1xx_hal_rcc_ex.o
 .ARM.attributes
                0x0000025a       0x2d ./Drivers/STM32F1xx_HAL_Driver/Src/stm32f1xx_hal_uart.o
 .ARM.attributes
                0x00000287       0x2d ./Drivers/STM32F1xx_HAL_Driver/Src/stm32f1xx_ll_usb.o
 .ARM.attributes
                0x000002b4       0x2d ./Middlewares/ST/STM32_USB_Device_Library/Class/HID/Src/usbd_hid.o
 .ARM.attributes
                0x000002e1       0x2d ./Middlewares/ST/STM32_USB_Device_Library/Core/Src/usbd_core.o
 .ARM.attributes
                0x0000030e       0x2d ./Middlewares/ST/STM32_USB_Device_Library/Core/Src/usbd_ctlreq.o
 .ARM.attributes
                0x0000033b       0x2d ./Middlewares/ST/STM32_USB_Device_Library/Core/Src/usbd_ioreq.o
 .ARM.attributes
                0x00000368       0x2d ./USB_DEVICE/App/usb_device.o
 .ARM.attributes
                0x00000395       0x2d ./USB_DEVICE/App/usbd_desc.o
 .ARM.attributes
                0x000003c2       0x2d ./USB_DEVICE/Target/usbd_conf.o
 .ARM.attributes
                0x000003ef       0x2d C:/ST/STM32CubeIDE_2.0.0/STM32CubeIDE/plugins/com.st.stm32cube.ide.mcu.externaltools.gnu-tools-for-stm32.13.3.rel1.win32_1.0.100.202509120712/tools/bin/../lib/gcc/arm-none-eabi/13.3.1/../../../../arm-none-eabi/lib/thumb/v7-m/nofp\libc_nano.a(libc_a-memset.o)
 .ARM.attributes
                0x0000041c       0x2d C:/ST/STM32CubeIDE_2.0.0/STM32CubeIDE/plugins/com.st.stm32cube.ide.mcu.externaltools.gnu-tools-for-stm32.13.3.rel1.win32_1.0.100.202509120712/tools/bin/../lib/gcc/arm-none-eabi/13.3.1/../../../../arm-none-eabi/lib/thumb/v7-m/nofp\libc_nano.a(libc_a-init.o)
 .ARM.attributes
                0x00000449       0x1d C:/ST/STM32CubeIDE_2.0.0/STM32CubeIDE/plugins/com.st.stm32cube.ide.mcu.externaltools.gnu-tools-for-stm32.13.3.rel1.win32_1.0.100.202509120712/tools/bin/../lib/gcc/arm-none-eabi/13.3.1/thumb/v7-m/nofp/crtn.o
OUTPUT(AtariToUsb.elf elf32-littlearm)
LOAD linker stubs
LOAD C:/ST/STM32CubeIDE_2.0.0/STM32CubeIDE/plugins/com.st.stm32cube.ide.mcu.externaltools.gnu-tools-for-stm32.13.3.rel1.win32_1.0.100.202509120712/tools/bin/../lib/gcc/arm-none-eabi/13.3.1/../../../../arm-none-eabi/lib/thumb/v7-m/nofp\libc.a
LOAD C:/ST/STM32CubeIDE_2.0.0/STM32CubeIDE/plugins/com.st.stm32cube.ide.mcu.externaltools.gnu-tools-for-stm32.13.3.rel1.win32_1.0.100.202509120712/tools/bin/../lib/gcc/arm-none-eabi/13.3.1/../../../../arm-none-eabi/lib/thumb/v7-m/nofp\libm.a
LOAD C:/ST/STM32CubeIDE_2.0.0/STM32CubeIDE/plugins/com.st.stm32cube.ide.mcu.externaltools.gnu-tools-for-stm32.13.3.rel1.win32_1.0.100.202509120712/tools/bin/../lib/gcc/arm-none-eabi/13.3.1/thumb/v7-m/nofp\libgcc.a

.debug_info     0x00000000     0xebaa
 .debug_info    0x00000000      0xf93 ./Core/Src/main.o
 .debug_info    0x00000f93      0x7f8 ./Core/Src/stm32f1xx_hal_msp.o
 .debug_info    0x0000178b      0x612 ./Core/Src/stm32f1xx_it.o
 .debug_info    0x00001d9d      0x222 ./Core/Src/system_stm32f1xx.o
 .debug_info    0x00001fbf       0x30 ./Core/Startup/startup_stm32f103c6tx.o
 .debug_info    0x00001fef      0x6e6 ./Drivers/STM32F1xx_HAL_Driver/Src/stm32f1xx_hal.o
 .debug_info    0x000026d5      0xa69 ./Drivers/STM32F1xx_HAL_Driver/Src/stm32f1xx_hal_cortex.o
 .debug_info    0x0000313e      0x5ab ./Drivers/STM32F1xx_HAL_Driver/Src/stm32f1xx_hal_gpio.o
 .debug_info    0x000036e9     0x16dc ./Drivers/STM32F1xx_HAL_Driver/Src/stm32f1xx_hal_pcd.o
 .debug_info    0x00004dc5      0x6c3 ./Drivers/STM32F1xx_HAL_Driver/Src/stm32f1xx_hal_pcd_ex.o
 .debug_info    0x00005488      0x7d5 ./Drivers/STM32F1xx_HAL_Driver/Src/stm32f1xx_hal_rcc.o
 .debug_info    0x00005c5d      0x3c0 ./Drivers/STM32F1xx_HAL_Driver/Src/stm32f1xx_hal_rcc_ex.o
 .debug_info    0x0000601d     0x2eed ./Drivers/STM32F1xx_HAL_Driver/Src/stm32f1xx_hal_uart.o
 .debug_info    0x00008f0a     0x17ae ./Drivers/STM32F1xx_HAL_Driver/Src/stm32f1xx_ll_usb.o
 .debug_info    0x0000a6b8      0x927 ./Middlewares/ST/STM32_USB_Device_Library/Class/HID/Src/usbd_hid.o
 .debug_info    0x0000afdf      0xa52 ./Middlewares/ST/STM32_USB_Device_Library/Core/Src/usbd_core.o
 .debug_info    0x0000ba31      0x91c ./Middlewares/ST/STM32_USB_Device_Library/Core/Src/usbd_ctlreq.o
 .debug_info    0x0000c34d      0x6a0 ./Middlewares/ST/STM32_USB_Device_Library/Core/Src/usbd_ioreq.o
 .debug_info    0x0000c9ed      0x53a ./USB_DEVICE/App/usb_device.o
 .debug_info    0x0000cf27      0x44a ./USB_DEVICE/App/usbd_desc.o
 .debug_info    0x0000d371     0x1839 ./USB_DEVICE/Target/usbd_conf.o

.debug_abbrev   0x00000000     0x2b4a
 .debug_abbrev  0x00000000      0x328 ./Core/Src/main.o
 .debug_abbrev  0x00000328      0x1ab ./Core/Src/stm32f1xx_hal_msp.o
 .debug_abbrev  0x000004d3      0x192 ./Core/Src/stm32f1xx_it.o
 .debug_abbrev  0x00000665      0x13f ./Core/Src/system_stm32f1xx.o
 .debug_abbrev  0x000007a4       0x24 ./Core/Startup/startup_stm32f103c6tx.o
 .debug_abbrev  0x000007c8      0x201 ./Drivers/STM32F1xx_HAL_Driver/Src/stm32f1xx_hal.o
 .debug_abbrev  0x000009c9      0x2f8 ./Drivers/STM32F1xx_HAL_Driver/Src/stm32f1xx_hal_cortex.o
 .debug_abbrev  0x00000cc1      0x1ca ./Drivers/STM32F1xx_HAL_Driver/Src/stm32f1xx_hal_gpio.o
 .debug_abbrev  0x00000e8b      0x2d6 ./Drivers/STM32F1xx_HAL_Driver/Src/stm32f1xx_hal_pcd.o
 .debug_abbrev  0x00001161      0x189 ./Drivers/STM32F1xx_HAL_Driver/Src/stm32f1xx_hal_pcd_ex.o
 .debug_abbrev  0x000012ea      0x2b3 ./Drivers/STM32F1xx_HAL_Driver/Src/stm32f1xx_hal_rcc.o
 .debug_abbrev  0x0000159d      0x188 ./Drivers/STM32F1xx_HAL_Driver/Src/stm32f1xx_hal_rcc_ex.o
 .debug_abbrev  0x00001725      0x2f8 ./Drivers/STM32F1xx_HAL_Driver/Src/stm32f1xx_hal_uart.o
 .debug_abbrev  0x00001a1d      0x1de ./Drivers/STM32F1xx_HAL_Driver/Src/stm32f1xx_ll_usb.o
 .debug_abbrev  0x00001bfb      0x26b ./Middlewares/ST/STM32_USB_Device_Library/Class/HID/Src/usbd_hid.o
 .debug_abbrev  0x00001e66      0x24a ./Middlewares/ST/STM32_USB_Device_Library/Core/Src/usbd_core.o
 .debug_abbrev  0x000020b0      0x26b ./Middlewares/ST/STM32_USB_Device_Library/Core/Src/usbd_ctlreq.o
 .debug_abbrev  0x0000231b      0x192 ./Middlewares/ST/STM32_USB_Device_Library/Core/Src/usbd_ioreq.o
 .debug_abbrev  0x000024ad      0x188 ./USB_DEVICE/App/usb_device.o
 .debug_abbrev  0x00002635      0x1ff ./USB_DEVICE/App/usbd_desc.o
 .debug_abbrev  0x00002834      0x316 ./USB_DEVICE/Target/usbd_conf.o

.debug_aranges  0x00000000      0xc38
 .debug_aranges
                0x00000000       0x48 ./Core/Src/main.o
 .debug_aranges
                0x00000048       0x30 ./Core/Src/stm32f1xx_hal_msp.o
 .debug_aranges
                0x00000078       0x70 ./Core/Src/stm32f1xx_it.o
 .debug_aranges
                0x000000e8       0x28 ./Core/Src/system_stm32f1xx.o
 .debug_aranges
                0x00000110       0x28 ./Core/Startup/startup_stm32f103c6tx.o
 .debug_aranges
                0x00000138       0xe0 ./Drivers/STM32F1xx_HAL_Driver/Src/stm32f1xx_hal.o
 .debug_aranges
                0x00000218      0x100 ./Drivers/STM32F1xx_HAL_Driver/Src/stm32f1xx_hal_cortex.o
 .debug_aranges
                0x00000318       0x58 ./Drivers/STM32F1xx_HAL_Driver/Src/stm32f1xx_hal_gpio.o
 .debug_aranges
                0x00000370      0x140 ./Drivers/STM32F1xx_HAL_Driver/Src/stm32f1xx_hal_pcd.o
 .debug_aranges
                0x000004b0       0x38 ./Drivers/STM32F1xx_HAL_Driver/Src/stm32f1xx_hal_pcd_ex.o
 .debug_aranges
                0x000004e8       0x90 ./Drivers/STM32F1xx_HAL_Driver/Src/stm32f1xx_hal_rcc.o
 .debug_aranges
                0x00000578       0x30 ./Drivers/STM32F1xx_HAL_Driver/Src/stm32f1xx_hal_rcc_ex.o
 .debug_aranges
                0x000005a8      0x208 ./Drivers/STM32F1xx_HAL_Driver/Src/stm32f1xx_hal_uart.o
 .debug_aranges
                0x000007b0       0xf8 ./Drivers/STM32F1xx_HAL_Driver/Src/stm32f1xx_ll_usb.o
 .debug_aranges
                0x000008a8       0x68 ./Middlewares/ST/STM32_USB_Device_Library/Class/HID/Src/usbd_hid.o
 .debug_aranges
                0x00000910       0xb8 ./Middlewares/ST/STM32_USB_Device_Library/Core/Src/usbd_core.o
 .debug_aranges
                0x000009c8       0x88 ./Middlewares/ST/STM32_USB_Device_Library/Core/Src/usbd_ctlreq.o
 .debug_aranges
                0x00000a50       0x50 ./Middlewares/ST/STM32_USB_Device_Library/Core/Src/usbd_ioreq.o
 .debug_aranges
                0x00000aa0       0x20 ./USB_DEVICE/App/usb_device.o
 .debug_aranges
                0x00000ac0       0x60 ./USB_DEVICE/App/usbd_desc.o
 .debug_aranges
                0x00000b20      0x118 ./USB_DEVICE/Target/usbd_conf.o

.debug_rnglists
                0x00000000      0x92a
 .debug_rnglists
                0x00000000       0x35 ./Core/Src/main.o
 .debug_rnglists
                0x00000035       0x20 ./Core/Src/stm32f1xx_hal_msp.o
 .debug_rnglists
                0x00000055       0x4f ./Core/Src/stm32f1xx_it.o
 .debug_rnglists
                0x000000a4       0x1a ./Core/Src/system_stm32f1xx.o
 .debug_rnglists
                0x000000be       0x19 ./Core/Startup/startup_stm32f103c6tx.o
 .debug_rnglists
                0x000000d7       0xa3 ./Drivers/STM32F1xx_HAL_Driver/Src/stm32f1xx_hal.o
 .debug_rnglists
                0x0000017a       0xbb ./Drivers/STM32F1xx_HAL_Driver/Src/stm32f1xx_hal_cortex.o
 .debug_rnglists
                0x00000235       0x3f ./Drivers/STM32F1xx_HAL_Driver/Src/stm32f1xx_hal_gpio.o
 .debug_rnglists
                0x00000274       0xf4 ./Drivers/STM32F1xx_HAL_Driver/Src/stm32f1xx_hal_pcd.o
 .debug_rnglists
                0x00000368       0x26 ./Drivers/STM32F1xx_HAL_Driver/Src/stm32f1xx_hal_pcd_ex.o
 .debug_rnglists
                0x0000038e       0x6c ./Drivers/STM32F1xx_HAL_Driver/Src/stm32f1xx_hal_rcc.o
 .debug_rnglists
                0x000003fa       0x21 ./Drivers/STM32F1xx_HAL_Driver/Src/stm32f1xx_hal_rcc_ex.o
 .debug_rnglists
                0x0000041b      0x1bc ./Drivers/STM32F1xx_HAL_Driver/Src/stm32f1xx_hal_uart.o
 .debug_rnglists
                0x000005d7       0xbd ./Drivers/STM32F1xx_HAL_Driver/Src/stm32f1xx_ll_usb.o
 .debug_rnglists
                0x00000694       0x4a ./Middlewares/ST/STM32_USB_Device_Library/Class/HID/Src/usbd_hid.o
 .debug_rnglists
                0x000006de       0x89 ./Middlewares/ST/STM32_USB_Device_Library/Core/Src/usbd_core.o
 .debug_rnglists
                0x00000767       0x68 ./Middlewares/ST/STM32_USB_Device_Library/Core/Src/usbd_ctlreq.o
 .debug_rnglists
                0x000007cf       0x37 ./Middlewares/ST/STM32_USB_Device_Library/Core/Src/usbd_ioreq.o
 .debug_rnglists
                0x00000806       0x13 ./USB_DEVICE/App/usb_device.o
 .debug_rnglists
                0x00000819       0x43 ./USB_DEVICE/App/usbd_desc.o
 .debug_rnglists
                0x0000085c       0xce ./USB_DEVICE/Target/usbd_conf.o

.debug_macro    0x00000000    0x18e88
 .debug_macro   0x00000000      0x359 ./Core/Src/main.o
 .debug_macro   0x00000359      0xacc ./Core/Src/main.o
 .debug_macro   0x00000e25      0x21b ./Core/Src/main.o
 .debug_macro   0x00001040       0x2e ./Core/Src/main.o
 .debug_macro   0x0000106e       0x22 ./Core/Src/main.o
 .debug_macro   0x00001090       0x22 ./Core/Src/main.o
 .debug_macro   0x000010b2       0x8e ./Core/Src/main.o
 .debug_macro   0x00001140       0x51 ./Core/Src/main.o
 .debug_macro   0x00001191      0x103 ./Core/Src/main.o
 .debug_macro   0x00001294       0x6a ./Core/Src/main.o
 .debug_macro   0x000012fe      0x1df ./Core/Src/main.o
 .debug_macro   0x000014dd       0x1c ./Core/Src/main.o
 .debug_macro   0x000014f9       0x22 ./Core/Src/main.o
 .debug_macro   0x0000151b       0xbd ./Core/Src/main.o
 .debug_macro   0x000015d8      0xd23 ./Core/Src/main.o
 .debug_macro   0x000022fb     0xde75 ./Core/Src/main.o
 .debug_macro   0x00010170       0x6d ./Core/Src/main.o
 .debug_macro   0x000101dd     0x34a2 ./Core/Src/main.o
 .debug_macro   0x0001367f      0x190 ./Core/Src/main.o
 .debug_macro   0x0001380f       0x5c ./Core/Src/main.o
 .debug_macro   0x0001386b      0x5bc ./Core/Src/main.o
 .debug_macro   0x00013e27      0x1b7 ./Core/Src/main.o
 .debug_macro   0x00013fde      0x1cb ./Core/Src/main.o
 .debug_macro   0x000141a9      0x114 ./Core/Src/main.o
 .debug_macro   0x000142bd      0x1b2 ./Core/Src/main.o
 .debug_macro   0x0001446f       0x27 ./Core/Src/main.o
 .debug_macro   0x00014496      0x12f ./Core/Src/main.o
 .debug_macro   0x000145c5      0x1bc ./Core/Src/main.o
 .debug_macro   0x00014781       0x34 ./Core/Src/main.o
 .debug_macro   0x000147b5       0x3c ./Core/Src/main.o
 .debug_macro   0x000147f1       0x57 ./Core/Src/main.o
 .debug_macro   0x00014848       0x87 ./Core/Src/main.o
 .debug_macro   0x000148cf      0x183 ./Core/Src/main.o
 .debug_macro   0x00014a52      0x140 ./Core/Src/main.o
 .debug_macro   0x00014b92      0x28e ./Core/Src/main.o
 .debug_macro   0x00014e20       0xb7 ./Core/Src/main.o
 .debug_macro   0x00014ed7      0x242 ./Core/Src/main.o
 .debug_macro   0x00015119       0x69 ./Core/Src/main.o
 .debug_macro   0x00015182       0x61 ./Core/Src/main.o
 .debug_macro   0x000151e3       0x24 ./Core/Src/main.o
 .debug_macro   0x00015207       0x43 ./Core/Src/main.o
 .debug_macro   0x0001524a       0x34 ./Core/Src/main.o
 .debug_macro   0x0001527e       0x16 ./Core/Src/main.o
 .debug_macro   0x00015294       0x3c ./Core/Src/main.o
 .debug_macro   0x000152d0      0x370 ./Core/Src/main.o
 .debug_macro   0x00015640       0x10 ./Core/Src/main.o
 .debug_macro   0x00015650       0x16 ./Core/Src/main.o
 .debug_macro   0x00015666       0x4a ./Core/Src/main.o
 .debug_macro   0x000156b0       0x34 ./Core/Src/main.o
 .debug_macro   0x000156e4       0x10 ./Core/Src/main.o
 .debug_macro   0x000156f4       0x58 ./Core/Src/main.o
 .debug_macro   0x0001574c       0x8e ./Core/Src/main.o
 .debug_macro   0x000157da       0x1c ./Core/Src/main.o
 .debug_macro   0x000157f6      0x185 ./Core/Src/main.o
 .debug_macro   0x0001597b       0x16 ./Core/Src/main.o
 .debug_macro   0x00015991       0x16 ./Core/Src/main.o
 .debug_macro   0x000159a7      0x146 ./Core/Src/main.o
 .debug_macro   0x00015aed       0x16 ./Core/Src/main.o
 .debug_macro   0x00015b03       0x16 ./Core/Src/main.o
 .debug_macro   0x00015b19       0x29 ./Core/Src/main.o
 .debug_macro   0x00015b42       0x16 ./Core/Src/main.o
 .debug_macro   0x00015b58       0x20 ./Core/Src/main.o
 .debug_macro   0x00015b78       0x5f ./Core/Src/main.o
 .debug_macro   0x00015bd7      0x1c8 ./Core/Src/main.o
 .debug_macro   0x00015d9f       0x5e ./Core/Src/main.o
 .debug_macro   0x00015dfd      0x1ba ./Core/Src/stm32f1xx_hal_msp.o
 .debug_macro   0x00015fb7      0x1c4 ./Core/Src/stm32f1xx_it.o
 .debug_macro   0x0001617b      0x1b0 ./Core/Src/system_stm32f1xx.o
 .debug_macro   0x0001632b      0x1d4 ./Drivers/STM32F1xx_HAL_Driver/Src/stm32f1xx_hal.o
 .debug_macro   0x000164ff      0x1b0 ./Drivers/STM32F1xx_HAL_Driver/Src/stm32f1xx_hal_cortex.o
 .debug_macro   0x000166af      0x21b ./Drivers/STM32F1xx_HAL_Driver/Src/stm32f1xx_hal_gpio.o
 .debug_macro   0x000168ca      0x1bc ./Drivers/STM32F1xx_HAL_Driver/Src/stm32f1xx_hal_pcd.o
 .debug_macro   0x00016a86      0x1b0 ./Drivers/STM32F1xx_HAL_Driver/Src/stm32f1xx_hal_pcd_ex.o
 .debug_macro   0x00016c36      0x1c2 ./Drivers/STM32F1xx_HAL_Driver/Src/stm32f1xx_hal_rcc.o
 .debug_macro   0x00016df8      0x1b0 ./Drivers/STM32F1xx_HAL_Driver/Src/stm32f1xx_hal_rcc_ex.o
 .debug_macro   0x00016fa8      0x1b1 ./Drivers/STM32F1xx_HAL_Driver/Src/stm32f1xx_hal_uart.o
 .debug_macro   0x00017159      0x1b0 ./Drivers/STM32F1xx_HAL_Driver/Src/stm32f1xx_ll_usb.o
 .debug_macro   0x00017309      0x349 ./Middlewares/ST/STM32_USB_Device_Library/Class/HID/Src/usbd_hid.o
 .debug_macro   0x00017652       0x9e ./Middlewares/ST/STM32_USB_Device_Library/Class/HID/Src/usbd_hid.o
 .debug_macro   0x000176f0      0x112 ./Middlewares/ST/STM32_USB_Device_Library/Class/HID/Src/usbd_hid.o
 .debug_macro   0x00017802       0x56 ./Middlewares/ST/STM32_USB_Device_Library/Class/HID/Src/usbd_hid.o
 .debug_macro   0x00017858       0x5e ./Middlewares/ST/STM32_USB_Device_Library/Class/HID/Src/usbd_hid.o
 .debug_macro   0x000178b6      0x330 ./Middlewares/ST/STM32_USB_Device_Library/Core/Src/usbd_core.o
 .debug_macro   0x00017be6      0x1ce ./Middlewares/ST/STM32_USB_Device_Library/Core/Src/usbd_core.o
 .debug_macro   0x00017db4      0x33a ./Middlewares/ST/STM32_USB_Device_Library/Core/Src/usbd_ctlreq.o
 .debug_macro   0x000180ee      0x336 ./Middlewares/ST/STM32_USB_Device_Library/Core/Src/usbd_ioreq.o
 .debug_macro   0x00018424      0x366 ./USB_DEVICE/App/usb_device.o
 .debug_macro   0x0001878a       0x22 ./USB_DEVICE/App/usb_device.o
 .debug_macro   0x000187ac      0x36d ./USB_DEVICE/App/usbd_desc.o
 .debug_macro   0x00018b19       0x1c ./USB_DEVICE/App/usbd_desc.o
 .debug_macro   0x00018b35      0x353 ./USB_DEVICE/Target/usbd_conf.o

.debug_line     0x00000000    0x10244
 .debug_line    0x00000000      0xd4d ./Core/Src/main.o
 .debug_line    0x00000d4d      0x76a ./Core/Src/stm32f1xx_hal_msp.o
 .debug_line    0x000014b7      0x7f5 ./Core/Src/stm32f1xx_it.o
 .debug_line    0x00001cac      0x795 ./Core/Src/system_stm32f1xx.o
 .debug_line    0x00002441       0x78 ./Core/Startup/startup_stm32f103c6tx.o
 .debug_line    0x000024b9      0x9c6 ./Drivers/STM32F1xx_HAL_Driver/Src/stm32f1xx_hal.o
 .debug_line    0x00002e7f      0xb90 ./Drivers/STM32F1xx_HAL_Driver/Src/stm32f1xx_hal_cortex.o
 .debug_line    0x00003a0f      0xa0e ./Drivers/STM32F1xx_HAL_Driver/Src/stm32f1xx_hal_gpio.o
 .debug_line    0x0000441d     0x134b ./Drivers/STM32F1xx_HAL_Driver/Src/stm32f1xx_hal_pcd.o
 .debug_line    0x00005768      0x790 ./Drivers/STM32F1xx_HAL_Driver/Src/stm32f1xx_hal_pcd_ex.o
 .debug_line    0x00005ef8      0xe7f ./Drivers/STM32F1xx_HAL_Driver/Src/stm32f1xx_hal_rcc.o
 .debug_line    0x00006d77      0x930 ./Drivers/STM32F1xx_HAL_Driver/Src/stm32f1xx_hal_rcc_ex.o
 .debug_line    0x000076a7     0x24e2 ./Drivers/STM32F1xx_HAL_Driver/Src/stm32f1xx_hal_uart.o
 .debug_line    0x00009b89     0x1136 ./Drivers/STM32F1xx_HAL_Driver/Src/stm32f1xx_ll_usb.o
 .debug_line    0x0000acbf      0xbd8 ./Middlewares/ST/STM32_USB_Device_Library/Class/HID/Src/usbd_hid.o
 .debug_line    0x0000b897      0xd75 ./Middlewares/ST/STM32_USB_Device_Library/Core/Src/usbd_core.o
 .debug_line    0x0000c60c      0xfbf ./Middlewares/ST/STM32_USB_Device_Library/Core/Src/usbd_ctlreq.o
 .debug_line    0x0000d5cb      0xa2b ./Middlewares/ST/STM32_USB_Device_Library/Core/Src/usbd_ioreq.o
 .debug_line    0x0000dff6      0x9dc ./USB_DEVICE/App/usb_device.o
 .debug_line    0x0000e9d2      0xaa4 ./USB_DEVICE/App/usbd_desc.o
 .debug_line    0x0000f476      0xdce ./USB_DEVICE/Target/usbd_conf.o

.debug_str      0x00000000    0x847b4
 .debug_str     0x00000000    0x847b4 ./Core/Src/main.o
                              0x81fb6 (size before relaxing)
 .debug_str     0x000847b4        0x0 ./Core/Src/stm32f1xx_hal_msp.o
                              0x7d507 (size before relaxing)
 .debug_str     0x000847b4        0x0 ./Core/Src/stm32f1xx_it.o
                              0x7d47b (size before relaxing)
 .debug_str     0x000847b4        0x0 ./Core/Src/system_stm32f1xx.o
                              0x7d0ad (size before relaxing)
 .debug_str     0x000847b4        0x0 ./Core/Startup/startup_stm32f103c6tx.o
                                 0x7a (size before relaxing)
 .debug_str     0x000847b4        0x0 ./Drivers/STM32F1xx_HAL_Driver/Src/stm32f1xx_hal.o
                              0x7d7a6 (size before relaxing)
 .debug_str     0x000847b4        0x0 ./Drivers/STM32F1xx_HAL_Driver/Src/stm32f1xx_hal_cortex.o
                              0x7d6f2 (size before relaxing)
 .debug_str     0x000847b4        0x0 ./Drivers/STM32F1xx_HAL_Driver/Src/stm32f1xx_hal_gpio.o
                              0x7d433 (size before relaxing)
 .debug_str     0x000847b4        0x0 ./Drivers/STM32F1xx_HAL_Driver/Src/stm32f1xx_hal_pcd.o
                              0x7d9ca (size before relaxing)
 .debug_str     0x000847b4        0x0 ./Drivers/STM32F1xx_HAL_Driver/Src/stm32f1xx_hal_pcd_ex.o
                              0x7d52c (size before relaxing)
 .debug_str     0x000847b4        0x0 ./Drivers/STM32F1xx_HAL_Driver/Src/stm32f1xx_hal_rcc.o
                              0x7d4dc (size before relaxing)
 .debug_str     0x000847b4        0x0 ./Drivers/STM32F1xx_HAL_Driver/Src/stm32f1xx_hal_rcc_ex.o
                              0x7d22c (size before relaxing)
 .debug_str     0x000847b4        0x0 ./Drivers/STM32F1xx_HAL_Driver/Src/stm32f1xx_hal_uart.o
                              0x7db4d (size before relaxing)
 .debug_str     0x000847b4        0x0 ./Drivers/STM32F1xx_HAL_Driver/Src/stm32f1xx_ll_usb.o
                              0x7d57e (size before relaxing)
 .debug_str     0x000847b4        0x0 ./Middlewares/ST/STM32_USB_Device_Library/Class/HID/Src/usbd_hid.o
                              0x81a87 (size before relaxing)
 .debug_str     0x000847b4        0x0 ./Middlewares/ST/STM32_USB_Device_Library/Core/Src/usbd_core.o
                              0x81944 (size before relaxing)
 .debug_str     0x000847b4        0x0 ./Middlewares/ST/STM32_USB_Device_Library/Core/Src/usbd_ctlreq.o
                              0x8185e (size before relaxing)
 .debug_str     0x000847b4        0x0 ./Middlewares/ST/STM32_USB_Device_Library/Core/Src/usbd_ioreq.o
                              0x8178b (size before relaxing)
 .debug_str     0x000847b4        0x0 ./USB_DEVICE/App/usb_device.o
                              0x81900 (size before relaxing)
 .debug_str     0x000847b4        0x0 ./USB_DEVICE/App/usbd_desc.o
                              0x816c7 (size before relaxing)
 .debug_str     0x000847b4        0x0 ./USB_DEVICE/Target/usbd_conf.o
                              0x82404 (size before relaxing)

.comment        0x00000000       0x43
 .comment       0x00000000       0x43 ./Core/Src/main.o
                                 0x44 (size before relaxing)
 .comment       0x00000043        0x0 ./Core/Src/stm32f1xx_hal_msp.o
                                 0x44 (size before relaxing)
 .comment       0x00000043        0x0 ./Core/Src/stm32f1xx_it.o
                                 0x44 (size before relaxing)
 .comment       0x00000043        0x0 ./Core/Src/system_stm32f1xx.o
                                 0x44 (size before relaxing)
 .comment       0x00000043        0x0 ./Drivers/STM32F1xx_HAL_Driver/Src/stm32f1xx_hal.o
                                 0x44 (size before relaxing)
 .comment       0x00000043        0x0 ./Drivers/STM32F1xx_HAL_Driver/Src/stm32f1xx_hal_cortex.o
                                 0x44 (size before relaxing)
 .comment       0x00000043        0x0 ./Drivers/STM32F1xx_HAL_Driver/Src/stm32f1xx_hal_gpio.o
                                 0x44 (size before relaxing)
 .comment       0x00000043        0x0 ./Drivers/STM32F1xx_HAL_Driver/Src/stm32f1xx_hal_pcd.o
                                 0x44 (size before relaxing)
 .comment       0x00000043        0x0 ./Drivers/STM32F1xx_HAL_Driver/Src/stm32f1xx_hal_pcd_ex.o
                                 0x44 (size before relaxing)
 .comment       0x00000043        0x0 ./Drivers/STM32F1xx_HAL_Driver/Src/stm32f1xx_hal_rcc.o
                                 0x44 (size before relaxing)
 .comment       0x00000043        0x0 ./Drivers/STM32F1xx_HAL_Driver/Src/stm32f1xx_hal_rcc_ex.o
                                 0x44 (size before relaxing)
 .comment       0x00000043        0x0 ./Drivers/STM32F1xx_HAL_Driver/Src/stm32f1xx_hal_uart.o
                                 0x44 (size before relaxing)
 .comment       0x00000043        0x0 ./Drivers/STM32F1xx_HAL_Driver/Src/stm32f1xx_ll_usb.o
                                 0x44 (size before relaxing)
 .comment       0x00000043        0x0 ./Middlewares/ST/STM32_USB_Device_Library/Class/HID/Src/usbd_hid.o
                                 0x44 (size before relaxing)
 .comment       0x00000043        0x0 ./Middlewares/ST/STM32_USB_Device_Library/Core/Src/usbd_core.o
                                 0x44 (size before relaxing)
 .comment       0x00000043        0x0 ./Middlewares/ST/STM32_USB_Device_Library/Core/Src/usbd_ctlreq.o
                                 0x44 (size before relaxing)
 .comment       0x00000043        0x0 ./Middlewares/ST/STM32_USB_Device_Library/Core/Src/usbd_ioreq.o
                                 0x44 (size before relaxing)
 .comment       0x00000043        0x0 ./USB_DEVICE/App/usb_device.o
                                 0x44 (size before relaxing)
 .comment       0x00000043        0x0 ./USB_DEVICE/App/usbd_desc.o
                                 0x44 (size before relaxing)
 .comment       0x00000043        0x0 ./USB_DEVICE/Target/usbd_conf.o
                                 0x44 (size before relaxing)

.debug_frame    0x00000000     0x304c
 .debug_frame   0x00000000       0xd0 ./Core/Src/main.o
 .debug_frame   0x000000d0       0x80 ./Core/Src/stm32f1xx_hal_msp.o
 .debug_frame   0x00000150      0x13c ./Core/Src/stm32f1xx_it.o
 .debug_frame   0x0000028c       0x58 ./Core/Src/system_stm32f1xx.o
 .debug_frame   0x000002e4      0x334 ./Drivers/STM32F1xx_HAL_Driver/Src/stm32f1xx_hal.o
 .debug_frame   0x00000618      0x428 ./Drivers/STM32F1xx_HAL_Driver/Src/stm32f1xx_hal_cortex.o
 .debug_frame   0x00000a40      0x14c ./Drivers/STM32F1xx_HAL_Driver/Src/stm32f1xx_hal_gpio.o
 .debug_frame   0x00000b8c      0x594 ./Drivers/STM32F1xx_HAL_Driver/Src/stm32f1xx_hal_pcd.o
 .debug_frame   0x00001120       0xb0 ./Drivers/STM32F1xx_HAL_Driver/Src/stm32f1xx_hal_pcd_ex.o
 .debug_frame   0x000011d0      0x218 ./Drivers/STM32F1xx_HAL_Driver/Src/stm32f1xx_hal_rcc.o
 .debug_frame   0x000013e8       0x80 ./Drivers/STM32F1xx_HAL_Driver/Src/stm32f1xx_hal_rcc_ex.o
 .debug_frame   0x00001468      0x944 ./Drivers/STM32F1xx_HAL_Driver/Src/stm32f1xx_hal_uart.o
 .debug_frame   0x00001dac      0x470 ./Drivers/STM32F1xx_HAL_Driver/Src/stm32f1xx_ll_usb.o
 .debug_frame   0x0000221c      0x190 ./Middlewares/ST/STM32_USB_Device_Library/Class/HID/Src/usbd_hid.o
 .debug_frame   0x000023ac      0x300 ./Middlewares/ST/STM32_USB_Device_Library/Core/Src/usbd_core.o
 .debug_frame   0x000026ac      0x218 ./Middlewares/ST/STM32_USB_Device_Library/Core/Src/usbd_ctlreq.o
 .debug_frame   0x000028c4      0x10c ./Middlewares/ST/STM32_USB_Device_Library/Core/Src/usbd_ioreq.o
 .debug_frame   0x000029d0       0x2c ./USB_DEVICE/App/usb_device.o
 .debug_frame   0x000029fc      0x160 ./USB_DEVICE/App/usbd_desc.o
 .debug_frame   0x00002b5c      0x4a4 ./USB_DEVICE/Target/usbd_conf.o
 .debug_frame   0x00003000       0x20 C:/ST/STM32CubeIDE_2.0.0/STM32CubeIDE/plugins/com.st.stm32cube.ide.mcu.externaltools.gnu-tools-for-stm32.13.3.rel1.win32_1.0.100.202509120712/tools/bin/../lib/gcc/arm-none-eabi/13.3.1/../../../../arm-none-eabi/lib/thumb/v7-m/nofp\libc_nano.a(libc_a-memset.o)
 .debug_frame   0x00003020       0x2c C:/ST/STM32CubeIDE_2.0.0/STM32CubeIDE/plugins/com.st.stm32cube.ide.mcu.externaltools.gnu-tools-for-stm32.13.3.rel1.win32_1.0.100.202509120712/tools/bin/../lib/gcc/arm-none-eabi/13.3.1/../../../../arm-none-eabi/lib/thumb/v7-m/nofp\libc_nano.a(libc_a-init.o)

.debug_line_str
                0x00000000       0x5e
 .debug_line_str
                0x00000000       0x5e ./Core/Startup/startup_stm32f103c6tx.o
